------------------------------------------------------------
Timing Analyzer Summary
------------------------------------------------------------

Type  : Slow 1200mV 85C Model Setup 'clk_div:CLK3|clk_out'
Slack : -22.220
TNS   : -8670.818

Type  : Slow 1200mV 85C Model Setup 'CLOCK_50'
Slack : -13.071
TNS   : -4177.885

Type  : Slow 1200mV 85C Model Setup 'clk_div:CLK|clk_out'
Slack : -5.729
TNS   : -2310.478

Type  : Slow 1200mV 85C Model Setup 'clk_div:CLK2|clk_out'
Slack : -0.359
TNS   : -0.359

Type  : Slow 1200mV 85C Model Hold 'CLOCK_50'
Slack : 0.286
TNS   : 0.000

Type  : Slow 1200mV 85C Model Hold 'clk_div:CLK|clk_out'
Slack : 0.337
TNS   : 0.000

Type  : Slow 1200mV 85C Model Hold 'clk_div:CLK3|clk_out'
Slack : 0.343
TNS   : 0.000

Type  : Slow 1200mV 85C Model Hold 'clk_div:CLK2|clk_out'
Slack : 0.415
TNS   : 0.000

Type  : Slow 1200mV 85C Model Minimum Pulse Width 'CLOCK_50'
Slack : -3.000
TNS   : -1038.000

Type  : Slow 1200mV 85C Model Minimum Pulse Width 'clk_div:CLK|clk_out'
Slack : -2.484
TNS   : -769.656

Type  : Slow 1200mV 85C Model Minimum Pulse Width 'clk_div:CLK3|clk_out'
Slack : -1.000
TNS   : -944.000

Type  : Slow 1200mV 85C Model Minimum Pulse Width 'clk_div:CLK2|clk_out'
Slack : -1.000
TNS   : -1.000

Type  : Slow 1200mV 0C Model Setup 'clk_div:CLK3|clk_out'
Slack : -19.279
TNS   : -7499.410

Type  : Slow 1200mV 0C Model Setup 'CLOCK_50'
Slack : -11.537
TNS   : -3648.093

Type  : Slow 1200mV 0C Model Setup 'clk_div:CLK|clk_out'
Slack : -5.097
TNS   : -2032.397

Type  : Slow 1200mV 0C Model Setup 'clk_div:CLK2|clk_out'
Slack : -0.267
TNS   : -0.267

Type  : Slow 1200mV 0C Model Hold 'CLOCK_50'
Slack : 0.271
TNS   : 0.000

Type  : Slow 1200mV 0C Model Hold 'clk_div:CLK3|clk_out'
Slack : 0.298
TNS   : 0.000

Type  : Slow 1200mV 0C Model Hold 'clk_div:CLK|clk_out'
Slack : 0.298
TNS   : 0.000

Type  : Slow 1200mV 0C Model Hold 'clk_div:CLK2|clk_out'
Slack : 0.359
TNS   : 0.000

Type  : Slow 1200mV 0C Model Minimum Pulse Width 'CLOCK_50'
Slack : -3.000
TNS   : -1038.000

Type  : Slow 1200mV 0C Model Minimum Pulse Width 'clk_div:CLK|clk_out'
Slack : -2.484
TNS   : -769.656

Type  : Slow 1200mV 0C Model Minimum Pulse Width 'clk_div:CLK3|clk_out'
Slack : -1.000
TNS   : -944.000

Type  : Slow 1200mV 0C Model Minimum Pulse Width 'clk_div:CLK2|clk_out'
Slack : -1.000
TNS   : -1.000

Type  : Fast 1200mV 0C Model Setup 'clk_div:CLK3|clk_out'
Slack : -12.396
TNS   : -4666.415

Type  : Fast 1200mV 0C Model Setup 'CLOCK_50'
Slack : -7.123
TNS   : -2061.186

Type  : Fast 1200mV 0C Model Setup 'clk_div:CLK|clk_out'
Slack : -2.757
TNS   : -1062.143

Type  : Fast 1200mV 0C Model Setup 'clk_div:CLK2|clk_out'
Slack : 0.032
TNS   : 0.000

Type  : Fast 1200mV 0C Model Hold 'clk_div:CLK3|clk_out'
Slack : 0.102
TNS   : 0.000

Type  : Fast 1200mV 0C Model Hold 'CLOCK_50'
Slack : 0.142
TNS   : 0.000

Type  : Fast 1200mV 0C Model Hold 'clk_div:CLK|clk_out'
Slack : 0.178
TNS   : 0.000

Type  : Fast 1200mV 0C Model Hold 'clk_div:CLK2|clk_out'
Slack : 0.215
TNS   : 0.000

Type  : Fast 1200mV 0C Model Minimum Pulse Width 'CLOCK_50'
Slack : -3.000
TNS   : -1107.088

Type  : Fast 1200mV 0C Model Minimum Pulse Width 'clk_div:CLK3|clk_out'
Slack : -1.000
TNS   : -944.000

Type  : Fast 1200mV 0C Model Minimum Pulse Width 'clk_div:CLK|clk_out'
Slack : -1.000
TNS   : -645.000

Type  : Fast 1200mV 0C Model Minimum Pulse Width 'clk_div:CLK2|clk_out'
Slack : -1.000
TNS   : -1.000

------------------------------------------------------------
