Analysis & Synthesis report for miner
Tue Jun 12 00:44:16 2018
Quartus II 64-Bit Version 13.1.0 Build 162 10/23/2013 SJ Web Edition


---------------------
; Table of Contents ;
---------------------
  1. Legal Notice
  2. Analysis & Synthesis Summary
  3. Analysis & Synthesis Settings
  4. Parallel Compilation
  5. Analysis & Synthesis Source Files Read
  6. Analysis & Synthesis Resource Usage Summary
  7. Analysis & Synthesis Resource Utilization by Entity
  8. State Machine - |miner|global_state
  9. State Machine - |miner|sha256_core:SHA_INST1|sha256_ctrl_reg
 10. Registers Removed During Synthesis
 11. Removed Registers Triggering Further Register Optimizations
 12. General Register Statistics
 13. Multiplexer Restructuring Statistics (Restructuring Performed)
 14. Parameter Settings for User Entity Instance: Top-level Entity: |miner
 15. Parameter Settings for User Entity Instance: sha256_core:SHA_INST1
 16. Parameter Settings for User Entity Instance: sha256_core:SHA_INST1|sha256_w_mem:w_mem_inst
 17. Elapsed Time Per Partition
 18. Analysis & Synthesis Messages
 19. Analysis & Synthesis Suppressed Messages



----------------
; Legal Notice ;
----------------
Copyright (C) 1991-2013 Altera Corporation
Your use of Altera Corporation's design tools, logic functions 
and other software and tools, and its AMPP partner logic 
functions, and any output files from any of the foregoing 
(including device programming or simulation files), and any 
associated documentation or information are expressly subject 
to the terms and conditions of the Altera Program License 
Subscription Agreement, Altera MegaCore Function License 
Agreement, or other applicable license agreement, including, 
without limitation, that your use is for the sole purpose of 
programming logic devices manufactured by Altera and sold by 
Altera or its authorized distributors.  Please refer to the 
applicable agreement for further details.



+---------------------------------------------------------------------------------+
; Analysis & Synthesis Summary                                                    ;
+------------------------------------+--------------------------------------------+
; Analysis & Synthesis Status        ; Successful - Tue Jun 12 00:44:16 2018      ;
; Quartus II 64-Bit Version          ; 13.1.0 Build 162 10/23/2013 SJ Web Edition ;
; Revision Name                      ; miner                                      ;
; Top-level Entity Name              ; miner                                      ;
; Family                             ; Cyclone IV E                               ;
; Total logic elements               ; 0                                          ;
;     Total combinational functions  ; 0                                          ;
;     Dedicated logic registers      ; 0                                          ;
; Total registers                    ; 0                                          ;
; Total pins                         ; 5                                          ;
; Total virtual pins                 ; 0                                          ;
; Total memory bits                  ; 0                                          ;
; Embedded Multiplier 9-bit elements ; 0                                          ;
; Total PLLs                         ; 0                                          ;
+------------------------------------+--------------------------------------------+


+----------------------------------------------------------------------------------------------------------------------+
; Analysis & Synthesis Settings                                                                                        ;
+----------------------------------------------------------------------------+--------------------+--------------------+
; Option                                                                     ; Setting            ; Default Value      ;
+----------------------------------------------------------------------------+--------------------+--------------------+
; Device                                                                     ; EP4CE22F17C6       ;                    ;
; Top-level entity name                                                      ; miner              ; miner              ;
; Family name                                                                ; Cyclone IV E       ; Cyclone IV GX      ;
; Use smart compilation                                                      ; Off                ; Off                ;
; Enable parallel Assembler and TimeQuest Timing Analyzer during compilation ; On                 ; On                 ;
; Enable compact report table                                                ; Off                ; Off                ;
; Restructure Multiplexers                                                   ; Auto               ; Auto               ;
; Create Debugging Nodes for IP Cores                                        ; Off                ; Off                ;
; Preserve fewer node names                                                  ; On                 ; On                 ;
; Disable OpenCore Plus hardware evaluation                                  ; Off                ; Off                ;
; Verilog Version                                                            ; Verilog_2001       ; Verilog_2001       ;
; VHDL Version                                                               ; VHDL_1993          ; VHDL_1993          ;
; State Machine Processing                                                   ; Auto               ; Auto               ;
; Safe State Machine                                                         ; Off                ; Off                ;
; Extract Verilog State Machines                                             ; On                 ; On                 ;
; Extract VHDL State Machines                                                ; On                 ; On                 ;
; Ignore Verilog initial constructs                                          ; Off                ; Off                ;
; Iteration limit for constant Verilog loops                                 ; 5000               ; 5000               ;
; Iteration limit for non-constant Verilog loops                             ; 250                ; 250                ;
; Add Pass-Through Logic to Inferred RAMs                                    ; On                 ; On                 ;
; Infer RAMs from Raw Logic                                                  ; On                 ; On                 ;
; Parallel Synthesis                                                         ; On                 ; On                 ;
; DSP Block Balancing                                                        ; Auto               ; Auto               ;
; NOT Gate Push-Back                                                         ; On                 ; On                 ;
; Power-Up Don't Care                                                        ; On                 ; On                 ;
; Remove Redundant Logic Cells                                               ; Off                ; Off                ;
; Remove Duplicate Registers                                                 ; On                 ; On                 ;
; Ignore CARRY Buffers                                                       ; Off                ; Off                ;
; Ignore CASCADE Buffers                                                     ; Off                ; Off                ;
; Ignore GLOBAL Buffers                                                      ; Off                ; Off                ;
; Ignore ROW GLOBAL Buffers                                                  ; Off                ; Off                ;
; Ignore LCELL Buffers                                                       ; Off                ; Off                ;
; Ignore SOFT Buffers                                                        ; On                 ; On                 ;
; Limit AHDL Integers to 32 Bits                                             ; Off                ; Off                ;
; Optimization Technique                                                     ; Balanced           ; Balanced           ;
; Carry Chain Length                                                         ; 70                 ; 70                 ;
; Auto Carry Chains                                                          ; On                 ; On                 ;
; Auto Open-Drain Pins                                                       ; On                 ; On                 ;
; Perform WYSIWYG Primitive Resynthesis                                      ; Off                ; Off                ;
; Auto ROM Replacement                                                       ; On                 ; On                 ;
; Auto RAM Replacement                                                       ; On                 ; On                 ;
; Auto DSP Block Replacement                                                 ; On                 ; On                 ;
; Auto Shift Register Replacement                                            ; Auto               ; Auto               ;
; Allow Shift Register Merging across Hierarchies                            ; Auto               ; Auto               ;
; Auto Clock Enable Replacement                                              ; On                 ; On                 ;
; Strict RAM Replacement                                                     ; Off                ; Off                ;
; Allow Synchronous Control Signals                                          ; On                 ; On                 ;
; Force Use of Synchronous Clear Signals                                     ; Off                ; Off                ;
; Auto RAM Block Balancing                                                   ; On                 ; On                 ;
; Auto RAM to Logic Cell Conversion                                          ; Off                ; Off                ;
; Auto Resource Sharing                                                      ; Off                ; Off                ;
; Allow Any RAM Size For Recognition                                         ; Off                ; Off                ;
; Allow Any ROM Size For Recognition                                         ; Off                ; Off                ;
; Allow Any Shift Register Size For Recognition                              ; Off                ; Off                ;
; Use LogicLock Constraints during Resource Balancing                        ; On                 ; On                 ;
; Ignore translate_off and synthesis_off directives                          ; Off                ; Off                ;
; Timing-Driven Synthesis                                                    ; On                 ; On                 ;
; Report Parameter Settings                                                  ; On                 ; On                 ;
; Report Source Assignments                                                  ; On                 ; On                 ;
; Report Connectivity Checks                                                 ; On                 ; On                 ;
; Ignore Maximum Fan-Out Assignments                                         ; Off                ; Off                ;
; Synchronization Register Chain Length                                      ; 2                  ; 2                  ;
; PowerPlay Power Optimization                                               ; Normal compilation ; Normal compilation ;
; HDL message level                                                          ; Level2             ; Level2             ;
; Suppress Register Optimization Related Messages                            ; Off                ; Off                ;
; Number of Removed Registers Reported in Synthesis Report                   ; 5000               ; 5000               ;
; Number of Swept Nodes Reported in Synthesis Report                         ; 5000               ; 5000               ;
; Number of Inverted Registers Reported in Synthesis Report                  ; 100                ; 100                ;
; Clock MUX Protection                                                       ; On                 ; On                 ;
; Auto Gated Clock Conversion                                                ; Off                ; Off                ;
; Block Design Naming                                                        ; Auto               ; Auto               ;
; SDC constraint protection                                                  ; Off                ; Off                ;
; Synthesis Effort                                                           ; Auto               ; Auto               ;
; Shift Register Replacement - Allow Asynchronous Clear Signal               ; On                 ; On                 ;
; Pre-Mapping Resynthesis Optimization                                       ; Off                ; Off                ;
; Analysis & Synthesis Message Level                                         ; Medium             ; Medium             ;
; Disable Register Merging Across Hierarchies                                ; Auto               ; Auto               ;
; Resource Aware Inference For Block RAM                                     ; On                 ; On                 ;
; Synthesis Seed                                                             ; 1                  ; 1                  ;
+----------------------------------------------------------------------------+--------------------+--------------------+


+------------------------------------------+
; Parallel Compilation                     ;
+----------------------------+-------------+
; Processors                 ; Number      ;
+----------------------------+-------------+
; Number detected on machine ; 2           ;
; Maximum allowed            ; 2           ;
;                            ;             ;
; Average used               ; 1.00        ;
; Maximum used               ; 1           ;
;                            ;             ;
; Usage by Processor         ; % Time Used ;
;     Processor 1            ; 100.0%      ;
;     Processor 2            ;   0.0%      ;
+----------------------------+-------------+


+---------------------------------------------------------------------------------------------------------------------------------+
; Analysis & Synthesis Source Files Read                                                                                          ;
+----------------------------------+-----------------+------------------------+-----------------------------------------+---------+
; File Name with User-Entered Path ; Used in Netlist ; File Type              ; File Name with Absolute Path            ; Library ;
+----------------------------------+-----------------+------------------------+-----------------------------------------+---------+
; miner.v                          ; yes             ; User Verilog HDL File  ; C:/miner-core/miner.v                   ;         ;
; sha2/sha256_w_mem.v              ; yes             ; User Verilog HDL File  ; C:/miner-core/sha2/sha256_w_mem.v       ;         ;
; sha2/sha256_k_constants.v        ; yes             ; User Verilog HDL File  ; C:/miner-core/sha2/sha256_k_constants.v ;         ;
; sha2/sha256_core.v               ; yes             ; User Verilog HDL File  ; C:/miner-core/sha2/sha256_core.v        ;         ;
+----------------------------------+-----------------+------------------------+-----------------------------------------+---------+


+---------------------------------------------------------+
; Analysis & Synthesis Resource Usage Summary             ;
+---------------------------------------------+-----------+
; Resource                                    ; Usage     ;
+---------------------------------------------+-----------+
;                                             ;           ;
; Total combinational functions               ; 0         ;
; Logic element usage by number of LUT inputs ;           ;
;     -- 4 input functions                    ; 0         ;
;     -- 3 input functions                    ; 0         ;
;     -- <=2 input functions                  ; 0         ;
;                                             ;           ;
; Logic elements by mode                      ;           ;
;     -- normal mode                          ; 0         ;
;     -- arithmetic mode                      ; 0         ;
;                                             ;           ;
; Total registers                             ; 0         ;
;     -- Dedicated logic registers            ; 0         ;
;     -- I/O registers                        ; 0         ;
;                                             ;           ;
; I/O pins                                    ; 5         ;
; Embedded Multiplier 9-bit elements          ; 0         ;
; Maximum fan-out node                        ; tx~output ;
; Maximum fan-out                             ; 1         ;
; Total fan-out                               ; 5         ;
; Average fan-out                             ; 0.50      ;
+---------------------------------------------+-----------+


+-----------------------------------------------------------------------------------------------------------------------------------------------------------------------------+
; Analysis & Synthesis Resource Utilization by Entity                                                                                                                         ;
+----------------------------+-------------------+--------------+-------------+--------------+---------+-----------+------+--------------+---------------------+--------------+
; Compilation Hierarchy Node ; LC Combinationals ; LC Registers ; Memory Bits ; DSP Elements ; DSP 9x9 ; DSP 18x18 ; Pins ; Virtual Pins ; Full Hierarchy Name ; Library Name ;
+----------------------------+-------------------+--------------+-------------+--------------+---------+-----------+------+--------------+---------------------+--------------+
; |miner                     ; 0 (0)             ; 0 (0)        ; 0           ; 0            ; 0       ; 0         ; 5    ; 0            ; |miner              ; work         ;
+----------------------------+-------------------+--------------+-------------+--------------+---------+-----------+------+--------------+---------------------+--------------+
Note: For table entries with two numbers listed, the numbers in parentheses indicate the number of resources of the given type used by the specific entity alone. The numbers listed outside of parentheses indicate the total resources of the given type used by the specific entity and all of its sub-entities in the hierarchy.


Encoding Type:  One-Hot
+----------------------------------------------------------------------------------------------------------------------------------------------------------------------------------------------------------+
; State Machine - |miner|global_state                                                                                                                                                                      ;
+-------------------------------------+-------------------------+---------------------------------+---------------------------------+--------------------------------+-------------------------------------+
; Name                                ; global_state.STATE_IDLE ; global_state.STATE_HASH_OF_HASH ; global_state.STATE_SECOND_BLOCK ; global_state.STATE_FIRST_BLOCK ; global_state.STATE_COMPARING_HASHES ;
+-------------------------------------+-------------------------+---------------------------------+---------------------------------+--------------------------------+-------------------------------------+
; global_state.STATE_COMPARING_HASHES ; 0                       ; 0                               ; 0                               ; 0                              ; 0                                   ;
; global_state.STATE_FIRST_BLOCK      ; 0                       ; 0                               ; 0                               ; 1                              ; 1                                   ;
; global_state.STATE_SECOND_BLOCK     ; 0                       ; 0                               ; 1                               ; 0                              ; 1                                   ;
; global_state.STATE_HASH_OF_HASH     ; 0                       ; 1                               ; 0                               ; 0                              ; 1                                   ;
; global_state.STATE_IDLE             ; 1                       ; 0                               ; 0                               ; 0                              ; 1                                   ;
+-------------------------------------+-------------------------+---------------------------------+---------------------------------+--------------------------------+-------------------------------------+


Encoding Type:  One-Hot
+-------------------------------------------------------------------------------------------------------------------+
; State Machine - |miner|sha256_core:SHA_INST1|sha256_ctrl_reg                                                      ;
+-----------------------------+---------------------------+---------------------------+-----------------------------+
; Name                        ; sha256_ctrl_reg.CTRL_IDLE ; sha256_ctrl_reg.CTRL_DONE ; sha256_ctrl_reg.CTRL_ROUNDS ;
+-----------------------------+---------------------------+---------------------------+-----------------------------+
; sha256_ctrl_reg.CTRL_IDLE   ; 0                         ; 0                         ; 0                           ;
; sha256_ctrl_reg.CTRL_ROUNDS ; 1                         ; 0                         ; 1                           ;
; sha256_ctrl_reg.CTRL_DONE   ; 1                         ; 1                         ; 0                           ;
+-----------------------------+---------------------------+---------------------------+-----------------------------+


+--------------------------------------------------------------------------------------------+
; Registers Removed During Synthesis                                                         ;
+---------------------------------------------------+----------------------------------------+
; Register name                                     ; Reason for Removal                     ;
+---------------------------------------------------+----------------------------------------+
; sha_reset                                         ; Stuck at VCC due to stuck port data_in ;
; sha_next                                          ; Stuck at GND due to stuck port data_in ;
; sha_init                                          ; Stuck at GND due to stuck port data_in ;
; sha256_core:SHA_INST1|digest_valid_reg            ; Stuck at VCC due to stuck port data_in ;
; global_state~7                                    ; Lost fanout                            ;
; global_state~8                                    ; Lost fanout                            ;
; global_state~10                                   ; Lost fanout                            ;
; global_state~11                                   ; Lost fanout                            ;
; global_state~12                                   ; Lost fanout                            ;
; global_state~13                                   ; Lost fanout                            ;
; global_state~14                                   ; Lost fanout                            ;
; global_state~15                                   ; Lost fanout                            ;
; global_state~16                                   ; Lost fanout                            ;
; global_state~17                                   ; Lost fanout                            ;
; global_state~18                                   ; Lost fanout                            ;
; global_state~19                                   ; Lost fanout                            ;
; global_state~20                                   ; Lost fanout                            ;
; global_state~21                                   ; Lost fanout                            ;
; global_state~22                                   ; Lost fanout                            ;
; global_state~23                                   ; Lost fanout                            ;
; global_state~24                                   ; Lost fanout                            ;
; global_state~25                                   ; Lost fanout                            ;
; global_state~26                                   ; Lost fanout                            ;
; global_state~27                                   ; Lost fanout                            ;
; global_state~28                                   ; Lost fanout                            ;
; global_state~29                                   ; Lost fanout                            ;
; global_state~30                                   ; Lost fanout                            ;
; global_state~31                                   ; Lost fanout                            ;
; global_state~32                                   ; Lost fanout                            ;
; global_state~33                                   ; Lost fanout                            ;
; global_state~34                                   ; Lost fanout                            ;
; global_state~35                                   ; Lost fanout                            ;
; global_state~36                                   ; Lost fanout                            ;
; global_state~37                                   ; Lost fanout                            ;
; global_state~38                                   ; Lost fanout                            ;
; counter_out[0..31]                                ; Lost fanout                            ;
; sha256_core:SHA_INST1|t_ctr_reg[0..5]             ; Lost fanout                            ;
; global_state.STATE_COMPARING_HASHES               ; Lost fanout                            ;
; global_state.STATE_FIRST_BLOCK                    ; Lost fanout                            ;
; global_state.STATE_SECOND_BLOCK                   ; Lost fanout                            ;
; global_state.STATE_HASH_OF_HASH                   ; Lost fanout                            ;
; global_state.STATE_IDLE                           ; Lost fanout                            ;
; sha256_core:SHA_INST1|sha256_ctrl_reg.CTRL_ROUNDS ; Lost fanout                            ;
; sha256_core:SHA_INST1|sha256_ctrl_reg.CTRL_DONE   ; Lost fanout                            ;
; sha256_core:SHA_INST1|sha256_ctrl_reg.CTRL_IDLE   ; Lost fanout                            ;
; Total Number of Removed Registers = 81            ;                                        ;
+---------------------------------------------------+----------------------------------------+


+----------------------------------------------------------------------------------------------------------------------+
; Removed Registers Triggering Further Register Optimizations                                                          ;
+----------------+---------------------------+-------------------------------------------------------------------------+
; Register name  ; Reason for Removal        ; Registers Removed due to This Register                                  ;
+----------------+---------------------------+-------------------------------------------------------------------------+
; sha_reset      ; Stuck at VCC              ; sha256_core:SHA_INST1|digest_valid_reg, counter_out[0], counter_out[1], ;
;                ; due to stuck port data_in ; sha256_core:SHA_INST1|t_ctr_reg[5], sha256_core:SHA_INST1|t_ctr_reg[4], ;
;                ;                           ; sha256_core:SHA_INST1|t_ctr_reg[3],                                     ;
;                ;                           ; sha256_core:SHA_INST1|sha256_ctrl_reg.CTRL_ROUNDS                       ;
; global_state~7 ; Lost Fanouts              ; global_state.STATE_FIRST_BLOCK, global_state.STATE_HASH_OF_HASH,        ;
;                ;                           ; sha256_core:SHA_INST1|sha256_ctrl_reg.CTRL_IDLE                         ;
+----------------+---------------------------+-------------------------------------------------------------------------+


+------------------------------------------------------+
; General Register Statistics                          ;
+----------------------------------------------+-------+
; Statistic                                    ; Value ;
+----------------------------------------------+-------+
; Total registers                              ; 0     ;
; Number of registers using Synchronous Clear  ; 0     ;
; Number of registers using Synchronous Load   ; 0     ;
; Number of registers using Asynchronous Clear ; 0     ;
; Number of registers using Asynchronous Load  ; 0     ;
; Number of registers using Clock Enable       ; 0     ;
; Number of registers using Preset             ; 0     ;
+----------------------------------------------+-------+


+------------------------------------------------------------------------------------------------------------------------------------------+
; Multiplexer Restructuring Statistics (Restructuring Performed)                                                                           ;
+--------------------+-----------+---------------+----------------------+------------------------+------------+----------------------------+
; Multiplexer Inputs ; Bus Width ; Baseline Area ; Area if Restructured ; Saving if Restructured ; Registered ; Example Multiplexer Output ;
+--------------------+-----------+---------------+----------------------+------------------------+------------+----------------------------+
; 5:1                ; 3 bits    ; 9 LEs         ; 9 LEs                ; 0 LEs                  ; No         ; |miner|global_state        ;
+--------------------+-----------+---------------+----------------------+------------------------+------------+----------------------------+


+-----------------------------------------------------------------------+
; Parameter Settings for User Entity Instance: Top-level Entity: |miner ;
+--------------------------+-------+------------------------------------+
; Parameter Name           ; Value ; Type                               ;
+--------------------------+-------+------------------------------------+
; CLK_HALF_PERIOD          ; 2     ; Signed Integer                     ;
; CLK_PERIOD               ; 4     ; Signed Integer                     ;
; STATE_IDLE               ; 0     ; Signed Integer                     ;
; STATE_FIRST_BLOCK        ; 1     ; Signed Integer                     ;
; STATE_SECOND_BLOCK       ; 2     ; Signed Integer                     ;
; STATE_HASH_OF_HASH       ; 3     ; Signed Integer                     ;
; STATE_COMPARING_HASHES   ; 4     ; Signed Integer                     ;
; STATE_INCREASE_NONCE     ; 5     ; Signed Integer                     ;
; STATE_GOLDEN_NONCE_FOUND ; 6     ; Signed Integer                     ;
+--------------------------+-------+------------------------------------+
Note: In order to hide this table in the UI and the text report file, please set the "Show Parameter Settings in Synthesis Report" option in "Analysis and Synthesis Settings -> More Settings" to "Off".


+---------------------------------------------------------------------+
; Parameter Settings for User Entity Instance: sha256_core:SHA_INST1  ;
+----------------+----------------------------------+-----------------+
; Parameter Name ; Value                            ; Type            ;
+----------------+----------------------------------+-----------------+
; SHA224_H0_0    ; 11000001000001011001111011011000 ; Unsigned Binary ;
; SHA224_H0_1    ; 00110110011111001101010100000111 ; Unsigned Binary ;
; SHA224_H0_2    ; 00110000011100001101110100010111 ; Unsigned Binary ;
; SHA224_H0_3    ; 11110111000011100101100100111001 ; Unsigned Binary ;
; SHA224_H0_4    ; 11111111110000000000101100110001 ; Unsigned Binary ;
; SHA224_H0_5    ; 01101000010110000001010100010001 ; Unsigned Binary ;
; SHA224_H0_6    ; 01100100111110011000111110100111 ; Unsigned Binary ;
; SHA224_H0_7    ; 10111110111110100100111110100100 ; Unsigned Binary ;
; SHA256_H0_0    ; 01101010000010011110011001100111 ; Unsigned Binary ;
; SHA256_H0_1    ; 10111011011001111010111010000101 ; Unsigned Binary ;
; SHA256_H0_2    ; 00111100011011101111001101110010 ; Unsigned Binary ;
; SHA256_H0_3    ; 10100101010011111111010100111010 ; Unsigned Binary ;
; SHA256_H0_4    ; 01010001000011100101001001111111 ; Unsigned Binary ;
; SHA256_H0_5    ; 10011011000001010110100010001100 ; Unsigned Binary ;
; SHA256_H0_6    ; 00011111100000111101100110101011 ; Unsigned Binary ;
; SHA256_H0_7    ; 01011011111000001100110100011001 ; Unsigned Binary ;
; SHA256_ROUNDS  ; 63                               ; Signed Integer  ;
; CTRL_IDLE      ; 0                                ; Signed Integer  ;
; CTRL_ROUNDS    ; 1                                ; Signed Integer  ;
; CTRL_DONE      ; 2                                ; Signed Integer  ;
+----------------+----------------------------------+-----------------+
Note: In order to hide this table in the UI and the text report file, please set the "Show Parameter Settings in Synthesis Report" option in "Analysis and Synthesis Settings -> More Settings" to "Off".


+--------------------------------------------------------------------------------------------+
; Parameter Settings for User Entity Instance: sha256_core:SHA_INST1|sha256_w_mem:w_mem_inst ;
+----------------+-------+-------------------------------------------------------------------+
; Parameter Name ; Value ; Type                                                              ;
+----------------+-------+-------------------------------------------------------------------+
; CTRL_IDLE      ; 0     ; Signed Integer                                                    ;
; CTRL_UPDATE    ; 1     ; Signed Integer                                                    ;
+----------------+-------+-------------------------------------------------------------------+
Note: In order to hide this table in the UI and the text report file, please set the "Show Parameter Settings in Synthesis Report" option in "Analysis and Synthesis Settings -> More Settings" to "Off".


+-------------------------------+
; Elapsed Time Per Partition    ;
+----------------+--------------+
; Partition Name ; Elapsed Time ;
+----------------+--------------+
; Top            ; 00:00:00     ;
+----------------+--------------+


+-------------------------------+
; Analysis & Synthesis Messages ;
+-------------------------------+
Info: *******************************************************************
Info: Running Quartus II 64-Bit Analysis & Synthesis
    Info: Version 13.1.0 Build 162 10/23/2013 SJ Web Edition
    Info: Processing started: Tue Jun 12 00:44:13 2018
Info: Command: quartus_map --read_settings_files=on --write_settings_files=off miner -c miner
Info (20030): Parallel compilation is enabled and will use 2 of the 2 processors detected
Info (12021): Found 1 design units, including 1 entities, in source file miner.v
    Info (12023): Found entity 1: miner
Info (12021): Found 1 design units, including 1 entities, in source file sha2/sha256_w_mem.v
    Info (12023): Found entity 1: sha256_w_mem
Info (12021): Found 1 design units, including 1 entities, in source file sha2/sha256_stream.v
    Info (12023): Found entity 1: sha256_stream
Info (12021): Found 1 design units, including 1 entities, in source file sha2/sha256_k_constants.v
    Info (12023): Found entity 1: sha256_k_constants
Info (12021): Found 1 design units, including 1 entities, in source file sha2/sha256_core.v
    Info (12023): Found entity 1: sha256_core
Info (12021): Found 1 design units, including 1 entities, in source file sha2/sha256.v
    Info (12023): Found entity 1: sha256
Info (12127): Elaborating entity "miner" for the top level hierarchy
Warning (10036): Verilog HDL or VHDL warning at miner.v(47): object "sha_1_state" assigned a value but never read
Warning (10036): Verilog HDL or VHDL warning at miner.v(48): object "sha_done" assigned a value but never read
Warning (10034): Output port "tx" at miner.v(14) has no driver
Warning (10034): Output port "led" at miner.v(13) has no driver
Info (12128): Elaborating entity "sha256_core" for hierarchy "sha256_core:SHA_INST1"
Info (12128): Elaborating entity "sha256_k_constants" for hierarchy "sha256_core:SHA_INST1|sha256_k_constants:k_constants_inst"
Info (12128): Elaborating entity "sha256_w_mem" for hierarchy "sha256_core:SHA_INST1|sha256_w_mem:w_mem_inst"
Warning (13024): Output pins are stuck at VCC or GND
    Warning (13410): Pin "tx" is stuck at GND
    Warning (13410): Pin "led" is stuck at GND
Info (17049): 77 registers lost all their fanouts during netlist optimizations.
Info (144001): Generated suppressed messages file C:/miner-core/output_files/miner.map.smsg
Info (16010): Generating hard_block partition "hard_block:auto_generated_inst"
    Info (16011): Adding 0 node(s), including 0 DDIO, 0 PLL, 0 transceiver and 0 LCELL
Warning (21074): Design contains 3 input pin(s) that do not drive logic
    Warning (15610): No output dependent on input pin "rx"
    Warning (15610): No output dependent on input pin "reset"
    Warning (15610): No output dependent on input pin "clock"
Info (21057): Implemented 5 device resources after synthesis - the final resource count might be different
    Info (21058): Implemented 3 input pins
    Info (21059): Implemented 2 output pins
Info: Quartus II 64-Bit Analysis & Synthesis was successful. 0 errors, 11 warnings
    Info: Peak virtual memory: 4650 megabytes
    Info: Processing ended: Tue Jun 12 00:44:16 2018
    Info: Elapsed time: 00:00:03
    Info: Total CPU time (on all processors): 00:00:02


+------------------------------------------+
; Analysis & Synthesis Suppressed Messages ;
+------------------------------------------+
The suppressed messages can be found in C:/miner-core/output_files/miner.map.smsg.


