------------------------------------------------------------
Timing Analyzer Summary
------------------------------------------------------------

Type  : Slow 1200mV 85C Model Setup 'clk_div:CLK3|clk_out'
Slack : -23.069
TNS   : -9217.448

Type  : Slow 1200mV 85C Model Setup 'CLOCK_50'
Slack : -12.499
TNS   : -4274.106

Type  : Slow 1200mV 85C Model Setup 'clk_div:CLK|clk_out'
Slack : -5.751
TNS   : -2216.216

Type  : Slow 1200mV 85C Model Setup 'clk_div:CLK2|clk_out'
Slack : -0.358
TNS   : -0.358

Type  : Slow 1200mV 85C Model Hold 'clk_div:CLK|clk_out'
Slack : 0.285
TNS   : 0.000

Type  : Slow 1200mV 85C Model Hold 'CLOCK_50'
Slack : 0.330
TNS   : 0.000

Type  : Slow 1200mV 85C Model Hold 'clk_div:CLK3|clk_out'
Slack : 0.341
TNS   : 0.000

Type  : Slow 1200mV 85C Model Hold 'clk_div:CLK2|clk_out'
Slack : 0.412
TNS   : 0.000

Type  : Slow 1200mV 85C Model Minimum Pulse Width 'CLOCK_50'
Slack : -3.000
TNS   : -1038.000

Type  : Slow 1200mV 85C Model Minimum Pulse Width 'clk_div:CLK|clk_out'
Slack : -2.484
TNS   : -769.656

Type  : Slow 1200mV 85C Model Minimum Pulse Width 'clk_div:CLK3|clk_out'
Slack : -1.000
TNS   : -944.000

Type  : Slow 1200mV 85C Model Minimum Pulse Width 'clk_div:CLK2|clk_out'
Slack : -1.000
TNS   : -1.000

Type  : Slow 1200mV 0C Model Setup 'clk_div:CLK3|clk_out'
Slack : -20.045
TNS   : -7999.962

Type  : Slow 1200mV 0C Model Setup 'CLOCK_50'
Slack : -11.059
TNS   : -3718.380

Type  : Slow 1200mV 0C Model Setup 'clk_div:CLK|clk_out'
Slack : -5.038
TNS   : -1948.498

Type  : Slow 1200mV 0C Model Setup 'clk_div:CLK2|clk_out'
Slack : -0.267
TNS   : -0.267

Type  : Slow 1200mV 0C Model Hold 'clk_div:CLK|clk_out'
Slack : 0.262
TNS   : 0.000

Type  : Slow 1200mV 0C Model Hold 'clk_div:CLK3|clk_out'
Slack : 0.298
TNS   : 0.000

Type  : Slow 1200mV 0C Model Hold 'CLOCK_50'
Slack : 0.309
TNS   : 0.000

Type  : Slow 1200mV 0C Model Hold 'clk_div:CLK2|clk_out'
Slack : 0.358
TNS   : 0.000

Type  : Slow 1200mV 0C Model Minimum Pulse Width 'CLOCK_50'
Slack : -3.000
TNS   : -1038.000

Type  : Slow 1200mV 0C Model Minimum Pulse Width 'clk_div:CLK|clk_out'
Slack : -2.484
TNS   : -769.656

Type  : Slow 1200mV 0C Model Minimum Pulse Width 'clk_div:CLK3|clk_out'
Slack : -1.000
TNS   : -944.000

Type  : Slow 1200mV 0C Model Minimum Pulse Width 'clk_div:CLK2|clk_out'
Slack : -1.000
TNS   : -1.000

Type  : Fast 1200mV 0C Model Setup 'clk_div:CLK3|clk_out'
Slack : -12.870
TNS   : -4983.855

Type  : Fast 1200mV 0C Model Setup 'CLOCK_50'
Slack : -6.697
TNS   : -2118.882

Type  : Fast 1200mV 0C Model Setup 'clk_div:CLK|clk_out'
Slack : -2.750
TNS   : -1007.619

Type  : Fast 1200mV 0C Model Setup 'clk_div:CLK2|clk_out'
Slack : 0.031
TNS   : 0.000

Type  : Fast 1200mV 0C Model Hold 'clk_div:CLK|clk_out'
Slack : 0.106
TNS   : 0.000

Type  : Fast 1200mV 0C Model Hold 'clk_div:CLK3|clk_out'
Slack : 0.121
TNS   : 0.000

Type  : Fast 1200mV 0C Model Hold 'CLOCK_50'
Slack : 0.170
TNS   : 0.000

Type  : Fast 1200mV 0C Model Hold 'clk_div:CLK2|clk_out'
Slack : 0.214
TNS   : 0.000

Type  : Fast 1200mV 0C Model Minimum Pulse Width 'CLOCK_50'
Slack : -3.000
TNS   : -1099.855

Type  : Fast 1200mV 0C Model Minimum Pulse Width 'clk_div:CLK3|clk_out'
Slack : -1.000
TNS   : -944.000

Type  : Fast 1200mV 0C Model Minimum Pulse Width 'clk_div:CLK|clk_out'
Slack : -1.000
TNS   : -645.000

Type  : Fast 1200mV 0C Model Minimum Pulse Width 'clk_div:CLK2|clk_out'
Slack : -1.000
TNS   : -1.000

------------------------------------------------------------
